// Jest Snapshot v1, https://goo.gl/fbAQLP

exports[`useFieldAtom() should pass 1`] = `
<DocumentFragment>
  <input
    aria-invalid="false"
    name="firstName"
    type="text"
    value=""
  />
</DocumentFragment>
`;
